<html>
<body>
<pre>
<h1>µVision Build Log</h1>
<h2>Project:</h2>
C:\Users\Infosys\Desktop\8051\arm\lpc2148.uvproj
Project File Date:  05/01/2021

<h2>Output:</h2>
Build target 'LPC2148'
compiling uart_driver.c...
linking...
Program Size: Code=1024 RO-data=16 RW-data=0 ZI-data=1256  
FromELF: creating hex file...
".\arm_uart.axf" - 0 Error(s), 0 Warning(s).
rror
  }
uart_driver.c: 1 warning, 1 error
".\arm_uart.axf" - 1 Error(s), 1 Warning(s).
Target not created
rnings, 1 error
compiling uart_main.c...
".\arm_uart.axf" - 1 Error(s), 2 Warning(s).
Target not created
newline
  }
uart_main.c: 1 warning, 0 errors
".\arm_uart.axf" - 1 Error(s), 3 Warning(s).
Target not created
0 ZI-data=1260  
FromELF: creating hex file...
".\arm_lcd.axf" - 0 Error(s), 2 Warning(s).
.axf" - 0 Error(s), 3 Warning(s).
- 0 Error(s), 3 Warning(s).
a=0 ZI-data=1256  
FromELF: creating hex file...
".\arm_lcd.axf" - 0 Error(s), 5 Warning(s).
