<html>
<body>
<pre>
<h1>µVision Build Log</h1>
<h2>Project:</h2>
C:\Users\Infosys\Desktop\PROJECT\arm\lpc2148.uvproj
Project File Date:  05/06/2021

<h2>Output:</h2>
Rebuild target 'LPC2148'
compiling timer0_driver.c...
compiling uart_driver.c...
compiling eeprom-at24c08-driver.c...
compiling i2c0-driver.c...
assembling Startup.s...
compiling main-i2c-eeprom.c...
linking...
Program Size: Code=2300 RO-data=16 RW-data=0 ZI-data=1256  
FromELF: creating hex file...
".\arm_i2c.axf" - 0 Error(s), 0 Warning(s).
</pre>
</body>
</html>
mpatible with parameter of type "char *restrict"
   sprintf(val,"%d",read_array[i]);    //display read data
i2c_driver1.c: 2 warnings, 0 errors
compiling eeprom-at24c08-driver.c...
compiling i2c0-driver.c...
assembling Startup.s...
compiling main-i2c-eeprom.c...
linking...
.\arm_i2c.axf: Error: L6200E: Symbol __ARM_use_no_argv multiply defined (by main-i2c-eeprom.o and i2c_driver1.o).
.\arm_i2c.axf: Error: L6200E: Symbol main multiply defined (by main-i2c-eeprom.o and i2c_driver1.o).
Not enough information to list image symbols.
Not enough information to list the image map.
Finished: 2 information, 0 warning and 2 error messages.
".\arm_i2c.axf" - 2 Error(s), 2 Warning(s).
Target not created
er aborted !
