<html>
<body>
<pre>
<h1>µVision Build Log</h1>
<h2>Project:</h2>
C:\Users\Infosys\Desktop\PROJECT\arm\lpc2148.uvproj
Project File Date:  05/06/2021

<h2>Output:</h2>
Build target 'LPC2148'
compiling i2c_driver1.c...
i2c_driver1.c(105): warning:  #167-D: argument of type "unsigned char *" is incompatible with parameter of type "char *restrict"
   sprintf(val,"%d",write_array[i]);    //display read data
i2c_driver1.c(126): warning:  #167-D: argument of type "unsigned char *" is incompatible with parameter of type "char *restrict"
   sprintf(val,"%d",read_array[i]);    //display read data
i2c_driver1.c: 2 warnings, 0 errors
linking...
Program Size: Code=2112 RO-data=32 RW-data=16 ZI-data=1272  
FromELF: creating hex file...
".\arm_i2c.axf" - 0 Error(s), 2 Warning(s).
"%d",read_array[i]);    //display read data
i2c_driver1.c: 3 warnings, 1 error
".\arm_i2c.axf" - 1 Error(s), 3 Warning(s).
Target not created
parameter of type "char *restrict"
   sprintf(val,"%d",read_array[i]);    //display read data
i2c_driver1.c(128): warning:  #1-D: last line of file ends without a newline
  }
i2c_driver1.c: 7 warnings, 0 errors
linking...
Program Size: Code=2112 RO-data=32 RW-data=16 ZI-data=1272  
FromELF: creating hex file...
".\arm_i2c.axf" - 0 Error(s), 7 Warning(s).
32 RW-data=16 ZI-data=1272  
FromELF: creating hex file...
".\arm_i2c.axf" - 0 Error(s), 8 Warning(s).
declaration i2c_ack - give arg types
   extern u8 i2c_ack();
eeprom_main.c: 2 warnings, 0 errors
linking...
.\arm_adc.axf: Error: L6218E: Undefined symbol EINT0_Handler (referred from startup.o).
Not enough information to list image symbols.
Finished: 1 information, 0 warning and 1 error messages.
".\arm_adc.axf" - 1 Error(s), 10 Warning(s).
Target not created
sages.
".\arm_adc.axf" - 1 Error(s), 11 Warning(s).
Target not created
.c: 3 warnings, 14 errors
compiling eeprom_main.c...
eeprom_main.c(5): error:  #20: identifier "u32" is undefined
        u32 temp;
eeprom_main.c(6): warning:  #223-D: function "uart0_init" declared implicitly
        uart0_init(9600);
eeprom_main.c(7): warning:  #223-D: function "i2c_init" declared implicitly
        i2c_init();
eeprom_main.c(8): warning:  #223-D: function "i2c_write_frame" declared implicitly
        i2c_write_frame(0xa0,0x0,'A');
eeprom_main.c(9): warning:  #223-D: function "i2c_read_frame" declared implicitly
        temp=i2c_read_frame(0xa0,0x0);
eeprom_main.c(10): warning:  #223-D: function "uart0_tx" declared implicitly
        uart0_tx(temp);
eeprom_main.c(12): warning:  #1-D: last line of file ends without a newline
  }
eeprom_main.c: 6 warnings, 1 error
".\arm_adc.axf" - 15 Error(s), 9 Warning(s).
Target not created
plicitly
        uart0_tx(temp);
eeprom_main.c(12): warning:  #1-D: last line of file ends without a newline
  }
eeprom_main.c: 6 warnings, 1 error
".\arm_adc.axf" - 17 Error(s), 9 Warning(s).
Target not created
c(12): warning:  #1-D: last line of file ends without a newline
  }
eeprom_main.c: 6 warnings, 1 error
".\arm_adc.axf" - 19 Error(s), 9 Warning(s).
Target not created
